{"startingYear":2021,"numberOfPeriods":10,"accounts":[{"year":2021,"amount":516778.865,"accountType":"Wealth"},{"year":2021,"amount":0,"accountType":"CapitalBenefits"},{"year":2022,"amount":533597.49000,"accountType":"Wealth"},{"year":2022,"amount":0,"accountType":"CapitalBenefits"},{"year":2023,"amount":550456.6850000,"accountType":"Wealth"},{"year":2023,"amount":0,"accountType":"CapitalBenefits"},{"year":2024,"amount":567359.480000000,"accountType":"Wealth"},{"year":2024,"amount":0,"accountType":"CapitalBenefits"},{"year":2025,"amount":584302.93530000000,"accountType":"Wealth"},{"year":2025,"amount":0,"accountType":"CapitalBenefits"},{"year":2026,"amount":601262.6218030000000,"accountType":"Wealth"},{"year":2026,"amount":0,"accountType":"CapitalBenefits"},{"year":2027,"amount":618265.181321030000000,"accountType":"Wealth"},{"year":2027,"amount":0,"accountType":"CapitalBenefits"},{"year":2028,"amount":635290.24688424030000000,"accountType":"Wealth"},{"year":2028,"amount":0,"accountType":"CapitalBenefits"},{"year":2029,"amount":652364.5230530827030000000,"accountType":"Wealth"},{"year":2029,"amount":0,"accountType":"CapitalBenefits"},{"year":2030,"amount":669467.706233613530030000000,"accountType":"Wealth"},{"year":2030,"amount":0,"accountType":"CapitalBenefits"}]}
