[
  {
    "State": "IsRight",
    "Right": {
      "BfsNumber": 261,
      "Name": "Zürich",
      "Canton": "ZH",
      "DateOfMutation": "0001-01-01T00:00:00",
      "MutationId": 1498,
      "SuccessorId": 0
    },
    "Left": null
  }
]
