[
  {
    "State": "IsRight",
    "Right": {
      "StartingYear": 2019,
      "NumberOfPeriods": 26,
      "DeltaSeries": [
        {
          "Year": 2019,
          "Amount": 405737.3638000,
          "AccountType": "Exogenous"
        },
        {
          "Year": 2020,
          "Amount": 367565.592438000000,
          "AccountType": "Exogenous"
        },
        {
          "Year": 2021,
          "Amount": 329147.88336238000000000,
          "AccountType": "Exogenous"
        },
        {
          "Year": 2022,
          "Amount": 290478.4921960038000000000000,
          "AccountType": "Exogenous"
        },
        {
          "Year": 2023,
          "Amount": 251558.18711796383800000000000,
          "AccountType": "Exogenous"
        },
        {
          "Year": 2024,
          "Amount": 212364.74898914347638000000000,
          "AccountType": "Exogenous"
        },
        {
          "Year": 2025,
          "Amount": 172864.78647903491114380000000,
          "AccountType": "Exogenous"
        },
        {
          "Year": 2026,
          "Amount": 133057.42434382526025523800000,
          "AccountType": "Exogenous"
        },
        {
          "Year": 2027,
          "Amount": 92939.58858726351285779038000,
          "AccountType": "Exogenous"
        },
        {
          "Year": 2028,
          "Amount": 52510.36447313614798636828380,
          "AccountType": "Exogenous"
        },
        {
          "Year": 2029,
          "Amount": 11764.44811786750946623196664,
          "AccountType": "Exogenous"
        },
        {
          "Year": 2030,
          "Amount": -29296.94740095381543910571369,
          "AccountType": "Exogenous"
        },
        {
          "Year": 2031,
          "Amount": -70676.97687496335359349677083,
          "AccountType": "Exogenous"
        },
        {
          "Year": 2032,
          "Amount": -112401.82164371298712943173854,
          "AccountType": "Exogenous"
        },
        {
          "Year": 2033,
          "Amount": -154506.68486015011700072605592,
          "AccountType": "Exogenous"
        },
        {
          "Year": 2034,
          "Amount": -196993.17670875161817073331648,
          "AccountType": "Exogenous"
        },
        {
          "Year": 2035,
          "Amount": -239867.30347583913435244064965,
          "AccountType": "Exogenous"
        },
        {
          "Year": 2036,
          "Amount": -283131.84651059752569596505614,
          "AccountType": "Exogenous"
        },
        {
          "Year": 2037,
          "Amount": -326834.50997570350095292470670,
          "AccountType": "Exogenous"
        },
        {
          "Year": 2038,
          "Amount": -370989.53007546053596245395377,
          "AccountType": "Exogenous"
        },
        {
          "Year": 2039,
          "Amount": -415603.62037621514132207849331,
          "AccountType": "Exogenous"
        },
        {
          "Year": 2040,
          "Amount": -460681.37157997729273529927825,
          "AccountType": "Exogenous"
        },
        {
          "Year": 2041,
          "Amount": -506227.42029577706566265227103,
          "AccountType": "Exogenous"
        },
        {
          "Year": 2042,
          "Amount": -552248.63949873483631927879374,
          "AccountType": "Exogenous"
        },
        {
          "Year": 2043,
          "Amount": -598747.59089372218468247158168,
          "AccountType": "Exogenous"
        },
        {
          "Year": 2044,
          "Amount": -604464.60180265940652929629750,
          "AccountType": "Exogenous"
        }
      ],
      "BenchmarkSeries": [
        {
          "Year": 2019,
          "Amount": 493207.1050,
          "AccountType": "Wealth"
        },
        {
          "Year": 2020,
          "Amount": 486361.61105000,
          "AccountType": "Wealth"
        },
        {
          "Year": 2021,
          "Amount": 479462.992160500000,
          "AccountType": "Wealth"
        },
        {
          "Year": 2022,
          "Amount": 472510.7170821050000000,
          "AccountType": "Wealth"
        },
        {
          "Year": 2023,
          "Amount": 465504.24925292605000000000,
          "AccountType": "Wealth"
        },
        {
          "Year": 2024,
          "Amount": 458443.04674545531050000000000,
          "AccountType": "Wealth"
        },
        {
          "Year": 2025,
          "Amount": 451326.56221290986360500000000,
          "AccountType": "Wealth"
        },
        {
          "Year": 2026,
          "Amount": 444156.43283503896224105000000,
          "AccountType": "Wealth"
        },
        {
          "Year": 2027,
          "Amount": 436929.93216338935186346050000,
          "AccountType": "Wealth"
        },
        {
          "Year": 2028,
          "Amount": 429646.49648502324538209510500,
          "AccountType": "Wealth"
        },
        {
          "Year": 2029,
          "Amount": 422307.74644987347783591605605,
          "AccountType": "Wealth"
        },
        {
          "Year": 2030,
          "Amount": 414910.93891437221261427521661,
          "AccountType": "Wealth"
        },
        {
          "Year": 2031,
          "Amount": 407455.49330351593474041796878,
          "AccountType": "Wealth"
        },
        {
          "Year": 2032,
          "Amount": 399943.01323655109408782214847,
          "AccountType": "Wealth"
        },
        {
          "Year": 2033,
          "Amount": 392372.92836891660502870036995,
          "AccountType": "Wealth"
        },
        {
          "Year": 2034,
          "Amount": 384742.47265260577107898737365,
          "AccountType": "Wealth"
        },
        {
          "Year": 2035,
          "Amount": 377053.23237913182878977724739,
          "AccountType": "Wealth"
        },
        {
          "Year": 2036,
          "Amount": 369304.61970292314707767501986,
          "AccountType": "Wealth"
        },
        {
          "Year": 2037,
          "Amount": 361496.04089995237854845177006,
          "AccountType": "Wealth"
        },
        {
          "Year": 2038,
          "Amount": 353624.70630895190233393628776,
          "AccountType": "Wealth"
        },
        {
          "Year": 2039,
          "Amount": 345692.17837204142135727565064,
          "AccountType": "Wealth"
        },
        {
          "Year": 2040,
          "Amount": 337697.84515576183557084840715,
          "AccountType": "Wealth"
        },
        {
          "Year": 2041,
          "Amount": 329641.08860731945392655689122,
          "AccountType": "Wealth"
        },
        {
          "Year": 2042,
          "Amount": 321523.47449339264846582246013,
          "AccountType": "Wealth"
        },
        {
          "Year": 2043,
          "Amount": 313342.20423832657495048068473,
          "AccountType": "Wealth"
        },
        {
          "Year": 2044,
          "Amount": 316181.16128070984069998549158,
          "AccountType": "Wealth"
        }
      ],
      "ScenarioSeries": [
        {
          "Year": 2019,
          "Amount": 898944.4688000,
          "AccountType": "Wealth"
        },
        {
          "Year": 2020,
          "Amount": 853927.203488000000,
          "AccountType": "Wealth"
        },
        {
          "Year": 2021,
          "Amount": 808610.87552288000000000,
          "AccountType": "Wealth"
        },
        {
          "Year": 2022,
          "Amount": 762989.2092781088000000000000,
          "AccountType": "Wealth"
        },
        {
          "Year": 2023,
          "Amount": 717062.43637088988800000000000,
          "AccountType": "Wealth"
        },
        {
          "Year": 2024,
          "Amount": 670807.79573459878688000000000,
          "AccountType": "Wealth"
        },
        {
          "Year": 2025,
          "Amount": 624191.34869194477474880000000,
          "AccountType": "Wealth"
        },
        {
          "Year": 2026,
          "Amount": 577213.85717886422249628800000,
          "AccountType": "Wealth"
        },
        {
          "Year": 2027,
          "Amount": 529869.52075065286472125088000,
          "AccountType": "Wealth"
        },
        {
          "Year": 2028,
          "Amount": 482156.86095815939336846338880,
          "AccountType": "Wealth"
        },
        {
          "Year": 2029,
          "Amount": 434072.19456774098730214802269,
          "AccountType": "Wealth"
        },
        {
          "Year": 2030,
          "Amount": 385613.99151341839717516950292,
          "AccountType": "Wealth"
        },
        {
          "Year": 2031,
          "Amount": 336778.51642855258114692119795,
          "AccountType": "Wealth"
        },
        {
          "Year": 2032,
          "Amount": 287541.19159283810695839040993,
          "AccountType": "Wealth"
        },
        {
          "Year": 2033,
          "Amount": 237866.24350876648802797431403,
          "AccountType": "Wealth"
        },
        {
          "Year": 2034,
          "Amount": 187749.29594385415290825405717,
          "AccountType": "Wealth"
        },
        {
          "Year": 2035,
          "Amount": 137185.92890329269443733659774,
          "AccountType": "Wealth"
        },
        {
          "Year": 2036,
          "Amount": 86172.77319232562138170996372,
          "AccountType": "Wealth"
        },
        {
          "Year": 2037,
          "Amount": 34661.530924248877595527063357,
          "AccountType": "Wealth"
        },
        {
          "Year": 2038,
          "Amount": -17364.823766508633628517666009,
          "AccountType": "Wealth"
        },
        {
          "Year": 2039,
          "Amount": -69911.442004173719964802842669,
          "AccountType": "Wealth"
        },
        {
          "Year": 2040,
          "Amount": -122983.52642421545716445087110,
          "AccountType": "Wealth"
        },
        {
          "Year": 2041,
          "Amount": -176586.33168845761173609537981,
          "AccountType": "Wealth"
        },
        {
          "Year": 2042,
          "Amount": -230725.16500534218785345633361,
          "AccountType": "Wealth"
        },
        {
          "Year": 2043,
          "Amount": -285405.38665539560973199089695,
          "AccountType": "Wealth"
        },
        {
          "Year": 2044,
          "Amount": -288283.44052194956582931080592,
          "AccountType": "Wealth"
        }
      ],
      "BenchmarkTransactions": null,
      "ScenarioTransactions": null
    },
    "Left": null
  }
]
