[
  {
    "State": "IsRight",
    "Right": {
      "DeterminingFactorTaxableAmount": 99900.0,
      "TaxAmount": 1963.0
    },
    "Left": null
  }
]
