[
  {
    "State": "IsRight",
    "Right": {
      "BasisTaxAmount": {
        "DeterminingFactorTaxableAmount": 99900.0,
        "TaxAmount": 4878.0
      },
      "CantonRate": 100.0,
      "MunicipalityRate": 119.0,
      "MunicipalityTaxAmount": 5804.82,
      "CantonTaxAmount": 4878.0,
      "TotalTaxAmount": 10682.82
    },
    "Left": null
  }
]
