[
  {
    "BfsNumber": 1203,
    "Name": "Attinghausen",
    "Canton": "UR"
  },
  {
    "BfsNumber": 1201,
    "Name": "Altdorf (UR)",
    "Canton": "UR"
  },
  {
    "BfsNumber": 1202,
    "Name": "Andermatt",
    "Canton": "UR"
  }
]
