[
  {
    "State": "IsRight",
    "Right": {
      "BasisTax": {
        "DeterminingFactorTaxableAmount": 0.0,
        "TaxAmount": 0.0
      },
      "ChurchTax": {
        "TaxAmount": [
          0.00
        ],
        "TaxAmountPartner": [
          0.00
        ]
      },
      "CantonRate": 100.0,
      "MunicipalityRate": 119.0,
      "MunicipalityTaxAmount": 0.00,
      "CantonTaxAmount": 0.0,
      "ChurchTaxAmount": 0.00,
      "TotalTaxAmount": 0.00
    },
    "Left": null
  }
]
