[
  {
    "State": "IsRight",
    "Right": {
      "TaxAmount": [
        256.45
      ],
      "TaxAmountPartner": [
        256.45
      ],
      "TaxRate": 10.0
    },
    "Left": null
  }
]
