[
  {
    "State": "IsRight",
    "Right": [
      24.0
    ],
    "Left": null
  }
]
