[
  {
    "State": "IsRight",
    "Right": {
      "TaxAmount": [
        512.9
      ],
      "TaxAmountPartner": [
        512.9
      ]
    },
    "Left": null
  }
]
