[
  {
    "State": "IsRight",
    "Right": {
      "CalculationYear": 0,
      "BasisIncomeTax": {
        "DeterminingFactorTaxableAmount": 0.0,
        "TaxAmount": 0.0
      },
      "BasisWealthTax": {
        "DeterminingFactorTaxableAmount": 0.0,
        "TaxAmount": 0.0
      },
      "CantonRate": 0.0,
      "MunicipalityRate": 0.0,
      "MunicipalityTaxAmount": 0.0,
      "CantonTaxAmount": 0.0,
      "TotalTaxAmount": 0.0
    },
    "Left": null
  }
]
