[
  {
    "State": "IsRight",
    "Right": {
      "StateResult": {
        "BasisTax": {
          "DeterminingFactorTaxableAmount": 44000.000,
          "TaxAmount": 44000.000
        },
        "ChurchTax": {
          "TaxAmount": [
            10120.000000
          ],
          "TaxAmountPartner": [
            0.000000
          ],
          "TaxRate": 23.0
        },
        "CantonRate": 115.0,
        "MunicipalityRate": 87.0,
        "MunicipalityTaxAmount": 38280.00000,
        "CantonTaxAmount": 50600.00000,
        "ChurchTaxAmount": 10120.000000,
        "TotalTaxAmount": 99000.000000
      },
      "FederalResult": {
        "DeterminingFactorTaxableAmount": 2000000.0,
        "TaxAmount": 46000.00
      },
      "TotalTaxAmount": 145000.000000
    },
    "Left": null
  }
]
