[
  {
    "State": "IsRight",
    "Right": {
      "BasisTax": {
        "DeterminingFactorTaxableAmount": 2000000.0,
        "TaxAmount": 169770.0
      },
      "ChurchTax": {
        "TaxAmount": [
          16977.00
        ],
        "TaxAmountPartner": [
          0.00
        ],
        "TaxRate": 0.0
      },
      "CantonRate": 100.0,
      "MunicipalityRate": 119.0,
      "MunicipalityTaxAmount": 202026.30,
      "CantonTaxAmount": 169770.0,
      "ChurchTaxAmount": 16977.00,
      "TotalTaxAmount": 388773.30
    },
    "Left": null
  }
]
