[
  {
    "State": "IsRight",
    "Right": {
      "CalculationYear": 2018,
      "BasisIncomeTax": {
        "DeterminingFactorTaxableAmount": 99900.0,
        "TaxAmount": 4878.0
      },
      "BasisWealthTax": {
        "DeterminingFactorTaxableAmount": 522000.0,
        "TaxAmount": 252.5
      },
      "ChurchTax": {
        "TaxAmount": [
          256.525
        ],
        "TaxAmountPartner": [
          256.525
        ]
      },
      "CantonRate": 100.0,
      "MunicipalityRate": 119.0,
      "MunicipalityTaxAmount": 6105.295,
      "CantonTaxAmount": 5130.5,
      "ChurchTaxAmount": 513.050,
      "TotalTaxAmount": 11796.845,
      "PollTaxAmount": [
        48.0
      ]
    },
    "Left": null
  }
]
