[
  {
    "Year": 2021,
    "Amount": 30000.0,
    "Source": "Exogenous",
    "Target": "Wealth",
    "IsTaxable": true,
    "TaxType": "Wealth",
    "OccurrenceType": "BeginOfPeriod"
  },
  {
    "Year": 2022,
    "Amount": 1000.0,
    "Source": "Exogenous",
    "Target": "Wealth",
    "IsTaxable": true,
    "TaxType": "Wealth",
    "OccurrenceType": "BeginOfPeriod"
  },
  {
    "Year": 2023,
    "Amount": 1000.0,
    "Source": "Exogenous",
    "Target": "Wealth",
    "IsTaxable": true,
    "TaxType": "Wealth",
    "OccurrenceType": "BeginOfPeriod"
  },
  {
    "Year": 2024,
    "Amount": 1000.0,
    "Source": "Exogenous",
    "Target": "Wealth",
    "IsTaxable": true,
    "TaxType": "Wealth",
    "OccurrenceType": "BeginOfPeriod"
  },
  {
    "Year": 2025,
    "Amount": 1000.0,
    "Source": "Exogenous",
    "Target": "Wealth",
    "IsTaxable": true,
    "TaxType": "Wealth",
    "OccurrenceType": "BeginOfPeriod"
  },
  {
    "Year": 2026,
    "Amount": 500.0,
    "Source": "Exogenous",
    "Target": "Wealth",
    "IsTaxable": true,
    "TaxType": "Wealth",
    "OccurrenceType": "BeginOfPeriod"
  },
  {
    "Year": 2027,
    "Amount": 500.0,
    "Source": "Exogenous",
    "Target": "Wealth",
    "IsTaxable": true,
    "TaxType": "Wealth",
    "OccurrenceType": "BeginOfPeriod"
  },
  {
    "Year": 2028,
    "Amount": 500.0,
    "Source": "Exogenous",
    "Target": "Wealth",
    "IsTaxable": true,
    "TaxType": "Wealth",
    "OccurrenceType": "BeginOfPeriod"
  },
  {
    "Year": 2029,
    "Amount": 500.0,
    "Source": "Exogenous",
    "Target": "Wealth",
    "IsTaxable": true,
    "TaxType": "Wealth",
    "OccurrenceType": "BeginOfPeriod"
  },
  {
    "Year": 2030,
    "Amount": 500.0,
    "Source": "Exogenous",
    "Target": "Wealth",
    "IsTaxable": true,
    "TaxType": "Wealth",
    "OccurrenceType": "BeginOfPeriod"
  },
  {
    "Year": 2021,
    "Amount": 50000.0,
    "Source": "Exogenous",
    "Target": "CapitalBenefits",
    "IsTaxable": false,
    "TaxType": "Undefined",
    "OccurrenceType": "BeginOfPeriod"
  },
  {
    "Year": 2021,
    "Amount": 0.0,
    "Source": "Income",
    "Target": "CapitalBenefits",
    "IsTaxable": false,
    "TaxType": "Undefined",
    "OccurrenceType": "BeginOfPeriod"
  }
]
