[
  {
    "Id": 330400000,
    "ZipCode": "3303",
    "BfsId": 557,
    "CantonId": 4,
    "BfsName": "",
    "City": "Zuzwil BE",
    "Canton": "BE"
  }
]
