{
  "IncomeSimpleTaxCanton": 4886,
  "FortuneTaxCanton": 0,
  "IncomeSimpleTaxCity": 4886,
  "IncomeTaxChurch": 0,
  "IncomeTaxCity": 5814,
  "IncomeSimpleTaxFed": 1968,
  "PersonalTax": 48,
  "FortuneTaxCity": 0,
  "FortuneSimpleTaxCanton": 0,
  "IncomeTaxFed": 1968,
  "FortuneSimpleTaxCity": 0,
  "IncomeTaxCanton": 4837,
  "Location": {
    "Id": 800000000,
    "ZipCode": "8000",
    "BfsId": 261,
    "CantonId": 26,
    "BfsName": "Zürich",
    "City": "Zürich",
    "Canton": "ZH"
  },
  "FortuneTaxChurch": 0
}
