{
  "TaxCanton": 0,
  "TaxChurch": 0,
  "TaxCity": 0,
  "TaxFed": 0,
  "Location": {
    "Id": 800000000,
    "ZipCode": "8000",
    "BfsId": 261,
    "CantonId": 26,
    "BfsName": "Zürich",
    "City": "Zürich",
    "Canton": "ZH"
  }
}
