{
  "Id": 0,
  "ZipCode": null,
  "BfsId": 0,
  "CantonId": 0,
  "BfsName": null,
  "City": null,
  "Canton": null
}
