{"startingYear":2021,"numberOfPeriods":1,"accounts":[{"year":2021,"amount":-499447.205,"accountType":"Exogenous"},{"year":2021,"amount":0,"accountType":"Income"},{"year":2021,"amount":499447.205,"accountType":"Wealth"},{"year":2021,"amount":0,"accountType":"OccupationalPension"},{"year":2021,"amount":0,"accountType":"ThirdPillar"}]}
