[
  {
    "Age": {
      "Years": 24,
      "Months": 0
    },
    "Date": "1994-01-01T00:00:00",
    "Value": 0.07
  },
  {
    "Age": {
      "Years": 25,
      "Months": 0
    },
    "Date": "1995-01-01T00:00:00",
    "Value": 0.07
  },
  {
    "Age": {
      "Years": 26,
      "Months": 0
    },
    "Date": "1996-01-01T00:00:00",
    "Value": 0.07
  },
  {
    "Age": {
      "Years": 27,
      "Months": 0
    },
    "Date": "1997-01-01T00:00:00",
    "Value": 0.07
  },
  {
    "Age": {
      "Years": 28,
      "Months": 0
    },
    "Date": "1998-01-01T00:00:00",
    "Value": 0.07
  },
  {
    "Age": {
      "Years": 29,
      "Months": 0
    },
    "Date": "1999-01-01T00:00:00",
    "Value": 0.07
  },
  {
    "Age": {
      "Years": 30,
      "Months": 0
    },
    "Date": "2000-01-01T00:00:00",
    "Value": 0.07
  },
  {
    "Age": {
      "Years": 31,
      "Months": 0
    },
    "Date": "2001-01-01T00:00:00",
    "Value": 0.07
  },
  {
    "Age": {
      "Years": 32,
      "Months": 0
    },
    "Date": "2002-01-01T00:00:00",
    "Value": 0.07
  },
  {
    "Age": {
      "Years": 33,
      "Months": 0
    },
    "Date": "2003-01-01T00:00:00",
    "Value": 0.07
  },
  {
    "Age": {
      "Years": 34,
      "Months": 0
    },
    "Date": "2004-01-01T00:00:00",
    "Value": 0.10
  },
  {
    "Age": {
      "Years": 35,
      "Months": 0
    },
    "Date": "2005-01-01T00:00:00",
    "Value": 0.10
  },
  {
    "Age": {
      "Years": 36,
      "Months": 0
    },
    "Date": "2006-01-01T00:00:00",
    "Value": 0.10
  },
  {
    "Age": {
      "Years": 37,
      "Months": 0
    },
    "Date": "2007-01-01T00:00:00",
    "Value": 0.10
  },
  {
    "Age": {
      "Years": 38,
      "Months": 0
    },
    "Date": "2008-01-01T00:00:00",
    "Value": 0.10
  },
  {
    "Age": {
      "Years": 39,
      "Months": 0
    },
    "Date": "2009-01-01T00:00:00",
    "Value": 0.10
  },
  {
    "Age": {
      "Years": 40,
      "Months": 0
    },
    "Date": "2010-01-01T00:00:00",
    "Value": 0.10
  },
  {
    "Age": {
      "Years": 41,
      "Months": 0
    },
    "Date": "2011-01-01T00:00:00",
    "Value": 0.10
  },
  {
    "Age": {
      "Years": 42,
      "Months": 0
    },
    "Date": "2012-01-01T00:00:00",
    "Value": 0.10
  },
  {
    "Age": {
      "Years": 43,
      "Months": 0
    },
    "Date": "2013-01-01T00:00:00",
    "Value": 0.10
  },
  {
    "Age": {
      "Years": 44,
      "Months": 0
    },
    "Date": "2014-01-01T00:00:00",
    "Value": 0.15
  },
  {
    "Age": {
      "Years": 45,
      "Months": 0
    },
    "Date": "2015-01-01T00:00:00",
    "Value": 0.15
  },
  {
    "Age": {
      "Years": 46,
      "Months": 0
    },
    "Date": "2016-01-01T00:00:00",
    "Value": 0.15
  },
  {
    "Age": {
      "Years": 47,
      "Months": 0
    },
    "Date": "2017-01-01T00:00:00",
    "Value": 0.15
  },
  {
    "Age": {
      "Years": 48,
      "Months": 0
    },
    "Date": "2018-01-01T00:00:00",
    "Value": 0.15
  },
  {
    "Age": {
      "Years": 49,
      "Months": 0
    },
    "Date": "2019-01-01T00:00:00",
    "Value": 0.15
  },
  {
    "Age": {
      "Years": 50,
      "Months": 0
    },
    "Date": "2020-01-01T00:00:00",
    "Value": 0.15
  },
  {
    "Age": {
      "Years": 51,
      "Months": 0
    },
    "Date": "2021-01-01T00:00:00",
    "Value": 0.15
  },
  {
    "Age": {
      "Years": 52,
      "Months": 0
    },
    "Date": "2022-01-01T00:00:00",
    "Value": 0.15
  },
  {
    "Age": {
      "Years": 53,
      "Months": 0
    },
    "Date": "2023-01-01T00:00:00",
    "Value": 0.15
  },
  {
    "Age": {
      "Years": 54,
      "Months": 0
    },
    "Date": "2024-01-01T00:00:00",
    "Value": 0.18
  },
  {
    "Age": {
      "Years": 55,
      "Months": 0
    },
    "Date": "2025-01-01T00:00:00",
    "Value": 0.18
  },
  {
    "Age": {
      "Years": 56,
      "Months": 0
    },
    "Date": "2026-01-01T00:00:00",
    "Value": 0.18
  },
  {
    "Age": {
      "Years": 57,
      "Months": 0
    },
    "Date": "2027-01-01T00:00:00",
    "Value": 0.18
  },
  {
    "Age": {
      "Years": 58,
      "Months": 0
    },
    "Date": "2028-01-01T00:00:00",
    "Value": 0.18
  },
  {
    "Age": {
      "Years": 59,
      "Months": 0
    },
    "Date": "2029-01-01T00:00:00",
    "Value": 0.18
  },
  {
    "Age": {
      "Years": 60,
      "Months": 0
    },
    "Date": "2030-01-01T00:00:00",
    "Value": 0.18
  },
  {
    "Age": {
      "Years": 61,
      "Months": 0
    },
    "Date": "2031-01-01T00:00:00",
    "Value": 0.18
  },
  {
    "Age": {
      "Years": 62,
      "Months": 0
    },
    "Date": "2032-01-01T00:00:00",
    "Value": 0.18
  },
  {
    "Age": {
      "Years": 63,
      "Months": 0
    },
    "Date": "2033-01-01T00:00:00",
    "Value": 0.18
  },
  {
    "Age": {
      "Years": 64,
      "Months": 0
    },
    "Date": "2034-01-01T00:00:00",
    "Value": 0.18
  },
  {
    "Age": {
      "Years": 65,
      "Months": 0
    },
    "Date": "2035-01-01T00:00:00",
    "Value": 0.0
  },
  {
    "Age": {
      "Years": 66,
      "Months": 0
    },
    "Date": "2036-01-01T00:00:00",
    "Value": 0.0
  },
  {
    "Age": {
      "Years": 67,
      "Months": 0
    },
    "Date": "2037-01-01T00:00:00",
    "Value": 0.0
  },
  {
    "Age": {
      "Years": 68,
      "Months": 0
    },
    "Date": "2038-01-01T00:00:00",
    "Value": 0.0
  },
  {
    "Age": {
      "Years": 69,
      "Months": 0
    },
    "Date": "2039-01-01T00:00:00",
    "Value": 0.0
  }
]
