[
  {
    "Age": {
      "Years": 54,
      "Months": 0
    },
    "Date": "2024-01-01T00:00:00",
    "Value": 11245.5000
  },
  {
    "Age": {
      "Years": 55,
      "Months": 0
    },
    "Date": "2025-01-01T00:00:00",
    "Value": 11245.5000
  },
  {
    "Age": {
      "Years": 56,
      "Months": 0
    },
    "Date": "2026-01-01T00:00:00",
    "Value": 9878.4000
  },
  {
    "Age": {
      "Years": 57,
      "Months": 0
    },
    "Date": "2027-01-01T00:00:00",
    "Value": 9878.4000
  },
  {
    "Age": {
      "Years": 58,
      "Months": 0
    },
    "Date": "2028-01-01T00:00:00",
    "Value": 9878.4000
  },
  {
    "Age": {
      "Years": 59,
      "Months": 0
    },
    "Date": "2029-01-01T00:00:00",
    "Value": 9878.4000
  },
  {
    "Age": {
      "Years": 60,
      "Months": 0
    },
    "Date": "2030-01-01T00:00:00",
    "Value": 9878.4000
  },
  {
    "Age": {
      "Years": 61,
      "Months": 0
    },
    "Date": "2031-01-01T00:00:00",
    "Value": 9878.4000
  },
  {
    "Age": {
      "Years": 62,
      "Months": 0
    },
    "Date": "2032-01-01T00:00:00",
    "Value": 9878.4000
  },
  {
    "Age": {
      "Years": 63,
      "Months": 0
    },
    "Date": "2033-01-01T00:00:00",
    "Value": 9878.4000
  },
  {
    "Age": {
      "Years": 64,
      "Months": 0
    },
    "Date": "2034-01-01T00:00:00",
    "Value": 9878.4000
  }
]
