[
  {
    "Age": {
      "Years": 54,
      "Months": 0
    },
    "Date": "2024-01-01T00:00:00",
    "Value": 62475.00
  },
  {
    "Age": {
      "Years": 54,
      "Months": 1
    },
    "Date": "2024-02-01T00:00:00",
    "Value": 62475.00
  },
  {
    "Age": {
      "Years": 54,
      "Months": 2
    },
    "Date": "2024-03-01T00:00:00",
    "Value": 62475.00
  },
  {
    "Age": {
      "Years": 54,
      "Months": 3
    },
    "Date": "2024-04-01T00:00:00",
    "Value": 62475.00
  },
  {
    "Age": {
      "Years": 54,
      "Months": 4
    },
    "Date": "2024-05-01T00:00:00",
    "Value": 62475.00
  },
  {
    "Age": {
      "Years": 54,
      "Months": 5
    },
    "Date": "2024-06-01T00:00:00",
    "Value": 62475.00
  },
  {
    "Age": {
      "Years": 54,
      "Months": 6
    },
    "Date": "2024-07-01T00:00:00",
    "Value": 62475.00
  },
  {
    "Age": {
      "Years": 54,
      "Months": 7
    },
    "Date": "2024-08-01T00:00:00",
    "Value": 62475.00
  },
  {
    "Age": {
      "Years": 54,
      "Months": 8
    },
    "Date": "2024-09-01T00:00:00",
    "Value": 62475.00
  },
  {
    "Age": {
      "Years": 54,
      "Months": 9
    },
    "Date": "2024-10-01T00:00:00",
    "Value": 62475.00
  },
  {
    "Age": {
      "Years": 54,
      "Months": 10
    },
    "Date": "2024-11-01T00:00:00",
    "Value": 62475.00
  },
  {
    "Age": {
      "Years": 54,
      "Months": 11
    },
    "Date": "2024-12-01T00:00:00",
    "Value": 62475.00
  },
  {
    "Age": {
      "Years": 55,
      "Months": 0
    },
    "Date": "2025-01-01T00:00:00",
    "Value": 62475.00
  },
  {
    "Age": {
      "Years": 55,
      "Months": 1
    },
    "Date": "2025-02-01T00:00:00",
    "Value": 62475.00
  },
  {
    "Age": {
      "Years": 55,
      "Months": 2
    },
    "Date": "2025-03-01T00:00:00",
    "Value": 62475.00
  },
  {
    "Age": {
      "Years": 55,
      "Months": 3
    },
    "Date": "2025-04-01T00:00:00",
    "Value": 62475.00
  },
  {
    "Age": {
      "Years": 55,
      "Months": 4
    },
    "Date": "2025-05-01T00:00:00",
    "Value": 62475.00
  },
  {
    "Age": {
      "Years": 55,
      "Months": 5
    },
    "Date": "2025-06-01T00:00:00",
    "Value": 62475.00
  },
  {
    "Age": {
      "Years": 55,
      "Months": 6
    },
    "Date": "2025-07-01T00:00:00",
    "Value": 62475.00
  },
  {
    "Age": {
      "Years": 55,
      "Months": 7
    },
    "Date": "2025-08-01T00:00:00",
    "Value": 62475.00
  },
  {
    "Age": {
      "Years": 55,
      "Months": 8
    },
    "Date": "2025-09-01T00:00:00",
    "Value": 62475.00
  },
  {
    "Age": {
      "Years": 55,
      "Months": 9
    },
    "Date": "2025-10-01T00:00:00",
    "Value": 62475.00
  },
  {
    "Age": {
      "Years": 55,
      "Months": 10
    },
    "Date": "2025-11-01T00:00:00",
    "Value": 62475.00
  },
  {
    "Age": {
      "Years": 55,
      "Months": 11
    },
    "Date": "2025-12-01T00:00:00",
    "Value": 62475.00
  },
  {
    "Age": {
      "Years": 56,
      "Months": 0
    },
    "Date": "2026-01-01T00:00:00",
    "Value": 70560.00
  },
  {
    "Age": {
      "Years": 56,
      "Months": 1
    },
    "Date": "2026-02-01T00:00:00",
    "Value": 70560.00
  },
  {
    "Age": {
      "Years": 56,
      "Months": 2
    },
    "Date": "2026-03-01T00:00:00",
    "Value": 70560.00
  },
  {
    "Age": {
      "Years": 56,
      "Months": 3
    },
    "Date": "2026-04-01T00:00:00",
    "Value": 70560.00
  },
  {
    "Age": {
      "Years": 56,
      "Months": 4
    },
    "Date": "2026-05-01T00:00:00",
    "Value": 70560.00
  },
  {
    "Age": {
      "Years": 56,
      "Months": 5
    },
    "Date": "2026-06-01T00:00:00",
    "Value": 70560.00
  },
  {
    "Age": {
      "Years": 56,
      "Months": 6
    },
    "Date": "2026-07-01T00:00:00",
    "Value": 70560.00
  },
  {
    "Age": {
      "Years": 56,
      "Months": 7
    },
    "Date": "2026-08-01T00:00:00",
    "Value": 70560.00
  },
  {
    "Age": {
      "Years": 56,
      "Months": 8
    },
    "Date": "2026-09-01T00:00:00",
    "Value": 70560.00
  },
  {
    "Age": {
      "Years": 56,
      "Months": 9
    },
    "Date": "2026-10-01T00:00:00",
    "Value": 70560.00
  },
  {
    "Age": {
      "Years": 56,
      "Months": 10
    },
    "Date": "2026-11-01T00:00:00",
    "Value": 70560.00
  },
  {
    "Age": {
      "Years": 56,
      "Months": 11
    },
    "Date": "2026-12-01T00:00:00",
    "Value": 70560.00
  },
  {
    "Age": {
      "Years": 57,
      "Months": 0
    },
    "Date": "2027-01-01T00:00:00",
    "Value": 70560.00
  },
  {
    "Age": {
      "Years": 57,
      "Months": 1
    },
    "Date": "2027-02-01T00:00:00",
    "Value": 70560.00
  },
  {
    "Age": {
      "Years": 57,
      "Months": 2
    },
    "Date": "2027-03-01T00:00:00",
    "Value": 70560.00
  },
  {
    "Age": {
      "Years": 57,
      "Months": 3
    },
    "Date": "2027-04-01T00:00:00",
    "Value": 70560.00
  },
  {
    "Age": {
      "Years": 57,
      "Months": 4
    },
    "Date": "2027-05-01T00:00:00",
    "Value": 70560.00
  },
  {
    "Age": {
      "Years": 57,
      "Months": 5
    },
    "Date": "2027-06-01T00:00:00",
    "Value": 70560.00
  },
  {
    "Age": {
      "Years": 57,
      "Months": 6
    },
    "Date": "2027-07-01T00:00:00",
    "Value": 70560.00
  },
  {
    "Age": {
      "Years": 57,
      "Months": 7
    },
    "Date": "2027-08-01T00:00:00",
    "Value": 70560.00
  },
  {
    "Age": {
      "Years": 57,
      "Months": 8
    },
    "Date": "2027-09-01T00:00:00",
    "Value": 70560.00
  },
  {
    "Age": {
      "Years": 57,
      "Months": 9
    },
    "Date": "2027-10-01T00:00:00",
    "Value": 70560.00
  },
  {
    "Age": {
      "Years": 57,
      "Months": 10
    },
    "Date": "2027-11-01T00:00:00",
    "Value": 70560.00
  },
  {
    "Age": {
      "Years": 57,
      "Months": 11
    },
    "Date": "2027-12-01T00:00:00",
    "Value": 70560.00
  },
  {
    "Age": {
      "Years": 58,
      "Months": 0
    },
    "Date": "2028-01-01T00:00:00",
    "Value": 70560.00
  },
  {
    "Age": {
      "Years": 58,
      "Months": 1
    },
    "Date": "2028-02-01T00:00:00",
    "Value": 70560.00
  },
  {
    "Age": {
      "Years": 58,
      "Months": 2
    },
    "Date": "2028-03-01T00:00:00",
    "Value": 70560.00
  },
  {
    "Age": {
      "Years": 58,
      "Months": 3
    },
    "Date": "2028-04-01T00:00:00",
    "Value": 70560.00
  },
  {
    "Age": {
      "Years": 58,
      "Months": 4
    },
    "Date": "2028-05-01T00:00:00",
    "Value": 70560.00
  },
  {
    "Age": {
      "Years": 58,
      "Months": 5
    },
    "Date": "2028-06-01T00:00:00",
    "Value": 70560.00
  },
  {
    "Age": {
      "Years": 58,
      "Months": 6
    },
    "Date": "2028-07-01T00:00:00",
    "Value": 70560.00
  },
  {
    "Age": {
      "Years": 58,
      "Months": 7
    },
    "Date": "2028-08-01T00:00:00",
    "Value": 70560.00
  },
  {
    "Age": {
      "Years": 58,
      "Months": 8
    },
    "Date": "2028-09-01T00:00:00",
    "Value": 70560.00
  },
  {
    "Age": {
      "Years": 58,
      "Months": 9
    },
    "Date": "2028-10-01T00:00:00",
    "Value": 70560.00
  },
  {
    "Age": {
      "Years": 58,
      "Months": 10
    },
    "Date": "2028-11-01T00:00:00",
    "Value": 70560.00
  },
  {
    "Age": {
      "Years": 58,
      "Months": 11
    },
    "Date": "2028-12-01T00:00:00",
    "Value": 70560.00
  },
  {
    "Age": {
      "Years": 59,
      "Months": 0
    },
    "Date": "2029-01-01T00:00:00",
    "Value": 70560.00
  },
  {
    "Age": {
      "Years": 59,
      "Months": 1
    },
    "Date": "2029-02-01T00:00:00",
    "Value": 70560.00
  },
  {
    "Age": {
      "Years": 59,
      "Months": 2
    },
    "Date": "2029-03-01T00:00:00",
    "Value": 70560.00
  },
  {
    "Age": {
      "Years": 59,
      "Months": 3
    },
    "Date": "2029-04-01T00:00:00",
    "Value": 70560.00
  },
  {
    "Age": {
      "Years": 59,
      "Months": 4
    },
    "Date": "2029-05-01T00:00:00",
    "Value": 70560.00
  },
  {
    "Age": {
      "Years": 59,
      "Months": 5
    },
    "Date": "2029-06-01T00:00:00",
    "Value": 70560.00
  },
  {
    "Age": {
      "Years": 59,
      "Months": 6
    },
    "Date": "2029-07-01T00:00:00",
    "Value": 70560.00
  },
  {
    "Age": {
      "Years": 59,
      "Months": 7
    },
    "Date": "2029-08-01T00:00:00",
    "Value": 70560.00
  },
  {
    "Age": {
      "Years": 59,
      "Months": 8
    },
    "Date": "2029-09-01T00:00:00",
    "Value": 70560.00
  },
  {
    "Age": {
      "Years": 59,
      "Months": 9
    },
    "Date": "2029-10-01T00:00:00",
    "Value": 70560.00
  },
  {
    "Age": {
      "Years": 59,
      "Months": 10
    },
    "Date": "2029-11-01T00:00:00",
    "Value": 70560.00
  },
  {
    "Age": {
      "Years": 59,
      "Months": 11
    },
    "Date": "2029-12-01T00:00:00",
    "Value": 70560.00
  },
  {
    "Age": {
      "Years": 60,
      "Months": 0
    },
    "Date": "2030-01-01T00:00:00",
    "Value": 70560.00
  },
  {
    "Age": {
      "Years": 60,
      "Months": 1
    },
    "Date": "2030-02-01T00:00:00",
    "Value": 70560.00
  },
  {
    "Age": {
      "Years": 60,
      "Months": 2
    },
    "Date": "2030-03-01T00:00:00",
    "Value": 70560.00
  },
  {
    "Age": {
      "Years": 60,
      "Months": 3
    },
    "Date": "2030-04-01T00:00:00",
    "Value": 70560.00
  },
  {
    "Age": {
      "Years": 60,
      "Months": 4
    },
    "Date": "2030-05-01T00:00:00",
    "Value": 70560.00
  },
  {
    "Age": {
      "Years": 60,
      "Months": 5
    },
    "Date": "2030-06-01T00:00:00",
    "Value": 70560.00
  },
  {
    "Age": {
      "Years": 60,
      "Months": 6
    },
    "Date": "2030-07-01T00:00:00",
    "Value": 70560.00
  },
  {
    "Age": {
      "Years": 60,
      "Months": 7
    },
    "Date": "2030-08-01T00:00:00",
    "Value": 70560.00
  },
  {
    "Age": {
      "Years": 60,
      "Months": 8
    },
    "Date": "2030-09-01T00:00:00",
    "Value": 70560.00
  },
  {
    "Age": {
      "Years": 60,
      "Months": 9
    },
    "Date": "2030-10-01T00:00:00",
    "Value": 70560.00
  },
  {
    "Age": {
      "Years": 60,
      "Months": 10
    },
    "Date": "2030-11-01T00:00:00",
    "Value": 70560.00
  },
  {
    "Age": {
      "Years": 60,
      "Months": 11
    },
    "Date": "2030-12-01T00:00:00",
    "Value": 70560.00
  },
  {
    "Age": {
      "Years": 61,
      "Months": 0
    },
    "Date": "2031-01-01T00:00:00",
    "Value": 70560.00
  },
  {
    "Age": {
      "Years": 61,
      "Months": 1
    },
    "Date": "2031-02-01T00:00:00",
    "Value": 70560.00
  },
  {
    "Age": {
      "Years": 61,
      "Months": 2
    },
    "Date": "2031-03-01T00:00:00",
    "Value": 70560.00
  },
  {
    "Age": {
      "Years": 61,
      "Months": 3
    },
    "Date": "2031-04-01T00:00:00",
    "Value": 70560.00
  },
  {
    "Age": {
      "Years": 61,
      "Months": 4
    },
    "Date": "2031-05-01T00:00:00",
    "Value": 70560.00
  },
  {
    "Age": {
      "Years": 61,
      "Months": 5
    },
    "Date": "2031-06-01T00:00:00",
    "Value": 70560.00
  },
  {
    "Age": {
      "Years": 61,
      "Months": 6
    },
    "Date": "2031-07-01T00:00:00",
    "Value": 70560.00
  },
  {
    "Age": {
      "Years": 61,
      "Months": 7
    },
    "Date": "2031-08-01T00:00:00",
    "Value": 70560.00
  },
  {
    "Age": {
      "Years": 61,
      "Months": 8
    },
    "Date": "2031-09-01T00:00:00",
    "Value": 70560.00
  },
  {
    "Age": {
      "Years": 61,
      "Months": 9
    },
    "Date": "2031-10-01T00:00:00",
    "Value": 70560.00
  },
  {
    "Age": {
      "Years": 61,
      "Months": 10
    },
    "Date": "2031-11-01T00:00:00",
    "Value": 70560.00
  },
  {
    "Age": {
      "Years": 61,
      "Months": 11
    },
    "Date": "2031-12-01T00:00:00",
    "Value": 70560.00
  },
  {
    "Age": {
      "Years": 62,
      "Months": 0
    },
    "Date": "2032-01-01T00:00:00",
    "Value": 70560.00
  },
  {
    "Age": {
      "Years": 62,
      "Months": 1
    },
    "Date": "2032-02-01T00:00:00",
    "Value": 70560.00
  },
  {
    "Age": {
      "Years": 62,
      "Months": 2
    },
    "Date": "2032-03-01T00:00:00",
    "Value": 70560.00
  },
  {
    "Age": {
      "Years": 62,
      "Months": 3
    },
    "Date": "2032-04-01T00:00:00",
    "Value": 70560.00
  },
  {
    "Age": {
      "Years": 62,
      "Months": 4
    },
    "Date": "2032-05-01T00:00:00",
    "Value": 70560.00
  },
  {
    "Age": {
      "Years": 62,
      "Months": 5
    },
    "Date": "2032-06-01T00:00:00",
    "Value": 70560.00
  },
  {
    "Age": {
      "Years": 62,
      "Months": 6
    },
    "Date": "2032-07-01T00:00:00",
    "Value": 70560.00
  },
  {
    "Age": {
      "Years": 62,
      "Months": 7
    },
    "Date": "2032-08-01T00:00:00",
    "Value": 70560.00
  },
  {
    "Age": {
      "Years": 62,
      "Months": 8
    },
    "Date": "2032-09-01T00:00:00",
    "Value": 70560.00
  },
  {
    "Age": {
      "Years": 62,
      "Months": 9
    },
    "Date": "2032-10-01T00:00:00",
    "Value": 70560.00
  },
  {
    "Age": {
      "Years": 62,
      "Months": 10
    },
    "Date": "2032-11-01T00:00:00",
    "Value": 70560.00
  },
  {
    "Age": {
      "Years": 62,
      "Months": 11
    },
    "Date": "2032-12-01T00:00:00",
    "Value": 70560.00
  },
  {
    "Age": {
      "Years": 63,
      "Months": 0
    },
    "Date": "2033-01-01T00:00:00",
    "Value": 70560.00
  },
  {
    "Age": {
      "Years": 63,
      "Months": 1
    },
    "Date": "2033-02-01T00:00:00",
    "Value": 70560.00
  },
  {
    "Age": {
      "Years": 63,
      "Months": 2
    },
    "Date": "2033-03-01T00:00:00",
    "Value": 70560.00
  },
  {
    "Age": {
      "Years": 63,
      "Months": 3
    },
    "Date": "2033-04-01T00:00:00",
    "Value": 70560.00
  },
  {
    "Age": {
      "Years": 63,
      "Months": 4
    },
    "Date": "2033-05-01T00:00:00",
    "Value": 70560.00
  },
  {
    "Age": {
      "Years": 63,
      "Months": 5
    },
    "Date": "2033-06-01T00:00:00",
    "Value": 70560.00
  },
  {
    "Age": {
      "Years": 63,
      "Months": 6
    },
    "Date": "2033-07-01T00:00:00",
    "Value": 70560.00
  },
  {
    "Age": {
      "Years": 63,
      "Months": 7
    },
    "Date": "2033-08-01T00:00:00",
    "Value": 70560.00
  },
  {
    "Age": {
      "Years": 63,
      "Months": 8
    },
    "Date": "2033-09-01T00:00:00",
    "Value": 70560.00
  },
  {
    "Age": {
      "Years": 63,
      "Months": 9
    },
    "Date": "2033-10-01T00:00:00",
    "Value": 70560.00
  },
  {
    "Age": {
      "Years": 63,
      "Months": 10
    },
    "Date": "2033-11-01T00:00:00",
    "Value": 70560.00
  },
  {
    "Age": {
      "Years": 63,
      "Months": 11
    },
    "Date": "2033-12-01T00:00:00",
    "Value": 70560.00
  },
  {
    "Age": {
      "Years": 64,
      "Months": 0
    },
    "Date": "2034-01-01T00:00:00",
    "Value": 70560.00
  },
  {
    "Age": {
      "Years": 64,
      "Months": 1
    },
    "Date": "2034-02-01T00:00:00",
    "Value": 70560.00
  },
  {
    "Age": {
      "Years": 64,
      "Months": 2
    },
    "Date": "2034-03-01T00:00:00",
    "Value": 70560.00
  },
  {
    "Age": {
      "Years": 64,
      "Months": 3
    },
    "Date": "2034-04-01T00:00:00",
    "Value": 70560.00
  },
  {
    "Age": {
      "Years": 64,
      "Months": 4
    },
    "Date": "2034-05-01T00:00:00",
    "Value": 70560.00
  },
  {
    "Age": {
      "Years": 64,
      "Months": 5
    },
    "Date": "2034-06-01T00:00:00",
    "Value": 70560.00
  },
  {
    "Age": {
      "Years": 64,
      "Months": 6
    },
    "Date": "2034-07-01T00:00:00",
    "Value": 70560.00
  },
  {
    "Age": {
      "Years": 64,
      "Months": 7
    },
    "Date": "2034-08-01T00:00:00",
    "Value": 70560.00
  },
  {
    "Age": {
      "Years": 64,
      "Months": 8
    },
    "Date": "2034-09-01T00:00:00",
    "Value": 70560.00
  },
  {
    "Age": {
      "Years": 64,
      "Months": 9
    },
    "Date": "2034-10-01T00:00:00",
    "Value": 70560.00
  },
  {
    "Age": {
      "Years": 64,
      "Months": 10
    },
    "Date": "2034-11-01T00:00:00",
    "Value": 70560.00
  },
  {
    "Age": {
      "Years": 64,
      "Months": 11
    },
    "Date": "2034-12-01T00:00:00",
    "Value": 70560.00
  },
  {
    "Age": {
      "Years": 65,
      "Months": 0
    },
    "Date": "2035-01-01T00:00:00",
    "Value": 70560.00
  }
]
